Script started on 2022-02-03 11:15:47+01:00 [TERM="xterm-256color" TTY="/dev/pts/0" COLUMNS="80" LINES="24"]
]0;alumno@aula454: ~/Ppal[01;32malumno@aula454[00m:[01;34m~/Ppal[00m$ git statis[K[Kus
En la rama main
Tu rama está adelantada a 'origin/main' por 1 commit.
  (usa "git push" para publicar tus commits locales)

Archivos sin seguimiento:
  (usa "git add <archivo>..." para incluirlo a lo que se será confirmado)
	[31m.idea/[m
	[31mmultiprocessing.txt[m

no hay nada agregado al commit pero hay archivos sin seguimiento presentes (usa "git add" para hacerles seguimiento)
]0;alumno@aula454: ~/Ppal[01;32malumno@aula454[00m:[01;34m~/Ppal[00m$ ls
0_procesos.py  multiprocessing.txt  README.MD
]0;alumno@aula454: ~/Ppal[01;32malumno@aula454[00m:[01;34m~/Ppal[00m$ git pusg[Kh
Enter passphrase for key '/home/alumno/.ssh/id_rsa': 
Enumerando objetos: 4, listo.
Contando objetos:  25% (1/4)Contando objetos:  50% (2/4)Contando objetos:  75% (3/4)Contando objetos: 100% (4/4)Contando objetos: 100% (4/4), listo.
Compresión delta usando hasta 12 hilos
Comprimiendo objetos:  33% (1/3)Comprimiendo objetos:  66% (2/3)Comprimiendo objetos: 100% (3/3)Comprimiendo objetos: 100% (3/3), listo.
Escribiendo objetos:  33% (1/3)Escribiendo objetos:  66% (2/3)Escribiendo objetos: 100% (3/3)Escribiendo objetos: 100% (3/3), 497 bytes | 497.00 KiB/s, listo.
Total 3 (delta 0), reusado 0 (delta 0)
To github.com:EliaFdez/Ppal.git
   f272d87..ba0169a  main -> main
]0;alumno@aula454: ~/Ppal[01;32malumno@aula454[00m:[01;34m~/Ppal[00m$ python [K3 0_procesos.py 
fin
hola 0
hola 0
hola 1
hola 2
hola 3
hola 4
hola 1
hola 2
hola 3
hola 4
]0;alumno@aula454: ~/Ppal[01;32malumno@aula454[00m:[01;34m~/Ppal[00m$ git status
En la rama main
Tu rama está actualizada con 'origin/main'.

Archivos sin seguimiento:
  (usa "git add <archivo>..." para incluirlo a lo que se será confirmado)
	[31m.idea/[m
	[31m1_procesos.py[m
	[31mmultiprocessing.txt[m

no hay nada agregado al commit pero hay archivos sin seguimiento presentes (usa "git add" para hacerles seguimiento)
]0;alumno@aula454: ~/Ppal[01;32malumno@aula454[00m:[01;34m~/Ppal[00m$ cd add 1_[K[K[K[K[K[K[K[K[Kgit add 1_procesos.py multiprocessing.txt 
]0;alumno@aula454: ~/Ppal[01;32malumno@aula454[00m:[01;34m~/Ppal[00m$ git add 1_procesos.py multiprocessing.txt [C[C[C[C[C[C[C[C[C[C[C[C[C[C[C[C[C[C[C[C[C[C[C[C[C[C[Cstatus[K
En la rama main
Tu rama está actualizada con 'origin/main'.

Cambios a ser confirmados:
  (usa "git restore --staged <archivo>..." para sacar del área de stage)
	[32mnuevo archivo:  1_procesos.py[m
	[32mnuevo archivo:  multiprocessing.txt[m

Archivos sin seguimiento:
  (usa "git add <archivo>..." para incluirlo a lo que se será confirmado)
	[31m.idea/[m

]0;alumno@aula454: ~/Ppal[01;32malumno@aula454[00m:[01;34m~/Ppal[00m$ git commin[Kt -m "segu[K[K[K[Ksegundo [K[K[K[K[K[K[K[Kpre[Kograme[Ka 1 y sesion grabada"
[main da84f27] programa 1 y sesion grabada
 2 files changed, 24 insertions(+)
 create mode 100644 1_procesos.py
 create mode 100644 multiprocessing.txt
]0;alumno@aula454: ~/Ppal[01;32malumno@aula454[00m:[01;34m~/Ppal[00m$ gu[Koi[K[Kit push
Enter passphrase for key '/home/alumno/.ssh/id_rsa': 
Enumerando objetos: 5, listo.
Contando objetos:  20% (1/5)Contando objetos:  40% (2/5)Contando objetos:  60% (3/5)Contando objetos:  80% (4/5)Contando objetos: 100% (5/5)Contando objetos: 100% (5/5), listo.
Compresión delta usando hasta 12 hilos
Comprimiendo objetos:  33% (1/3)Comprimiendo objetos:  66% (2/3)Comprimiendo objetos: 100% (3/3)Comprimiendo objetos: 100% (3/3), listo.
Escribiendo objetos:  25% (1/4)Escribiendo objetos:  50% (2/4)Escribiendo objetos:  75% (3/4)Escribiendo objetos: 100% (4/4)Escribiendo objetos: 100% (4/4), 601 bytes | 601.00 KiB/s, listo.
Total 4 (delta 0), reusado 0 (delta 0)
To github.com:EliaFdez/Ppal.git
   ba0169a..da84f27  main -> main
]0;alumno@aula454: ~/Ppal[01;32malumno@aula454[00m:[01;34m~/Ppal[00m$ git pushcommit -m "programa 1 y sesion grabada"[C[C[C[C[C[C[C[C[C[C[C[C[C[C[C[C[C[C[C[C[C[C[C[C[C[C[Cstatus[Kadd 1_procesos.py multiprocessing.txt [C[C[C[C[C[C[C[C[C[C[C[C[C[C[C[C[C[C[C[C[C[C[C[C[C[C[Cstatus[Kcommit -m "programa 1 y sesion grabada"[C[C[C[C[C[C[C[C[C[C[C[C[C[C[C[C[C[C[C[C[C[C[C[C[C[C[Cpush[K[Kpython3 1_procesos.py 
  File "1_procesos.py", line 18
    lp.append(Process(target=f,args(f"ana{i}",)))
                               ^
SyntaxError: positional argument follows keyword argument
]0;alumno@aula454: ~/Ppal[01;32malumno@aula454[00m:[01;34m~/Ppal[00m$ cd[K[Kpython3 1_procesos.py 
  File "1_procesos.py", line 18
    lp.append(Process(target=f,args(f"ana{i}",i)))
                               ^
SyntaxError: positional argument follows keyword argument
]0;alumno@aula454: ~/Ppal[01;32malumno@aula454[00m:[01;34m~/Ppal[00m$ python3 1_procesos.py 
hola soy ana0 vuelta 0
hola soy ana1 vuelta 0
hola soy ana2 vuelta 0
hola soy ana3 vuelta 0
hola soy ana4 vuelta 0
hola soy ana5 vuelta 0
hola soy ana6 vuelta 0
hola soy ana7 vuelta 0
hola soy ana8 vuelta 0
fin
hola soy ana9 vuelta 0
adios
hola soy ana4 vuelta 1
hola soy ana7 vuelta 1
hola soy ana4 vuelta 2
hola soy ana9 vuelta 1
hola soy ana0 vuelta 1
hola soy ana5 vuelta 1
hola soy ana6 vuelta 1
hola soy ana1 vuelta 1
hola soy ana8 vuelta 1
hola soy ana3 vuelta 1
hola soy ana2 vuelta 1
hola soy ana7 vuelta 2
hola soy ana2 vuelta 2
hola soy ana3 vuelta 2
hola soy ana6 vuelta 2
hola soy ana5 vuelta 2
hola soy ana9 vuelta 2
hola soy ana8 vuelta 2
hola soy ana0 vuelta 2
hola soy ana1 vuelta 2
]0;alumno@aula454: ~/Ppal[01;32malumno@aula454[00m:[01;34m~/Ppal[00m$ git commit[K[K[K[K[K[Kstatus
En la rama main
Tu rama está actualizada con 'origin/main'.

Cambios no rastreados para el commit:
  (usa "git add <archivo>..." para actualizar lo que será confirmado)
  (usa "git restore <archivo>..." para descartar los cambios en el directorio de trabajo)
	[31mmodificado:     1_procesos.py[m
	[31mmodificado:     multiprocessing.txt[m

Archivos sin seguimiento:
  (usa "git add <archivo>..." para incluirlo a lo que se será confirmado)
	[31m.idea/[m

sin cambios agregados al commit (usa "git add" y/o "git commit -a")
]0;alumno@aula454: ~/Ppal[01;32malumno@aula454[00m:[01;34m~/Ppal[00m$ git commit -m "correccion progra[K[K[K[K[K[Kfallo programa 1"
En la rama main
Tu rama está actualizada con 'origin/main'.

Cambios no rastreados para el commit:
  (usa "git add <archivo>..." para actualizar lo que será confirmado)
  (usa "git restore <archivo>..." para descartar los cambios en el directorio de trabajo)
	[31mmodificado:     1_procesos.py[m
	[31mmodificado:     multiprocessing.txt[m

Archivos sin seguimiento:
  (usa "git add <archivo>..." para incluirlo a lo que se será confirmado)
	[31m.idea/[m

sin cambios agregados al commit (usa "git add" y/o "git commit -a")
]0;alumno@aula454: ~/Ppal[01;32malumno@aula454[00m:[01;34m~/Ppal[00m$ git add 1_procesos.py 
]0;alumno@aula454: ~/Ppal[01;32malumno@aula454[00m:[01;34m~/Ppal[00m$ git add 1_procesos.py commit -m "correccion fallo programa 1"
[main aca6f65] correccion fallo programa 1
 1 file changed, 1 insertion(+), 1 deletion(-)
]0;alumno@aula454: ~/Ppal[01;32malumno@aula454[00m:[01;34m~/Ppal[00m$ git status
En la rama main
Tu rama está adelantada a 'origin/main' por 1 commit.
  (usa "git push" para publicar tus commits locales)

Cambios no rastreados para el commit:
  (usa "git add <archivo>..." para actualizar lo que será confirmado)
  (usa "git restore <archivo>..." para descartar los cambios en el directorio de trabajo)
	[31mmodificado:     multiprocessing.txt[m

Archivos sin seguimiento:
  (usa "git add <archivo>..." para incluirlo a lo que se será confirmado)
	[31m.idea/[m

sin cambios agregados al commit (usa "git add" y/o "git commit -a")
]0;alumno@aula454: ~/Ppal[01;32malumno@aula454[00m:[01;34m~/Ppal[00m$ git push
Enter passphrase for key '/home/alumno/.ssh/id_rsa': 
Enumerando objetos: 5, listo.
Contando objetos:  20% (1/5)Contando objetos:  40% (2/5)Contando objetos:  60% (3/5)Contando objetos:  80% (4/5)Contando objetos: 100% (5/5)Contando objetos: 100% (5/5), listo.
Compresión delta usando hasta 12 hilos
Comprimiendo objetos:  33% (1/3)Comprimiendo objetos:  66% (2/3)Comprimiendo objetos: 100% (3/3)Comprimiendo objetos: 100% (3/3), listo.
Escribiendo objetos:  33% (1/3)Escribiendo objetos:  66% (2/3)Escribiendo objetos: 100% (3/3)Escribiendo objetos: 100% (3/3), 294 bytes | 294.00 KiB/s, listo.
Total 3 (delta 2), reusado 0 (delta 0)
remote: Resolving deltas:   0% (0/2)[Kremote: Resolving deltas:  50% (1/2)[Kremote: Resolving deltas: 100% (2/2)[Kremote: Resolving deltas: 100% (2/2), completed with 2 local objects.[K
To github.com:EliaFdez/Ppal.git
   da84f27..aca6f65  main -> main
]0;alumno@aula454: ~/Ppal[01;32malumno@aula454[00m:[01;34m~/Ppal[00m$ python3 2_procesos.py 
  File "2_procesos.py", line 16
    if __name__ == "__main__"
                            ^
SyntaxError: invalid syntax
]0;alumno@aula454: ~/Ppal[01;32malumno@aula454[00m:[01;34m~/Ppal[00m$ python3 2_procesos.py 
hola soy ana_0,36352, True, vuelta 0
hola soy ana_1,36353, True, vuelta 0
hola soy ana_2,36354, True, vuelta 0
hola soy ana_0,36352, True, vuelta 1
Traceback (most recent call last):
  File "2_procesos.py", line 24, in <module>
    q = Process(target=q)
NameError: name 'q' is not defined
hola soy ana_2,36354, True, vuelta 1
hola soy ana_2,36354, True, vuelta 2
hola soy ana_2,36354, True, vuelta 3
hola soy ana_2,36354, True, vuelta 4
hola soy ana_1,36353, True, vuelta 1
hola soy ana_0,36352, True, vuelta 2
hola soy ana_1,36353, True, vuelta 2
hola soy ana_1,36353, True, vuelta 3
hola soy ana_1,36353, True, vuelta 4
hola soy ana_0,36352, True, vuelta 3
hola soy ana_0,36352, True, vuelta 4
]0;alumno@aula454: ~/Ppal[01;32malumno@aula454[00m:[01;34m~/Ppal[00m$ git add 2_procesos.py 
]0;alumno@aula454: ~/Ppal[01;32malumno@aula454[00m:[01;34m~/Ppal[00m$ git commit -m "protr[K[Kgrama 2"
[main 71d4057] programa 2
 1 file changed, 26 insertions(+)
 create mode 100644 2_procesos.py
]0;alumno@aula454: ~/Ppal[01;32malumno@aula454[00m:[01;34m~/Ppal[00m$ git sta[K[K[Kpush
Enter passphrase for key '/home/alumno/.ssh/id_rsa': 
Enumerando objetos: 4, listo.
Contando objetos:  25% (1/4)Contando objetos:  50% (2/4)Contando objetos:  75% (3/4)Contando objetos: 100% (4/4)Contando objetos: 100% (4/4), listo.
Compresión delta usando hasta 12 hilos
Comprimiendo objetos:  33% (1/3)Comprimiendo objetos:  66% (2/3)Comprimiendo objetos: 100% (3/3)Comprimiendo objetos: 100% (3/3), listo.
Escribiendo objetos:  33% (1/3)Escribiendo objetos:  66% (2/3)Escribiendo objetos: 100% (3/3)Escribiendo objetos: 100% (3/3), 539 bytes | 539.00 KiB/s, listo.
Total 3 (delta 1), reusado 0 (delta 0)
remote: Resolving deltas:   0% (0/1)[Kremote: Resolving deltas: 100% (1/1)[Kremote: Resolving deltas: 100% (1/1), completed with 1 local object.[K
To github.com:EliaFdez/Ppal.git
   aca6f65..71d4057  main -> main
]0;alumno@aula454: ~/Ppal[01;32malumno@aula454[00m:[01;34m~/Ppal[00m$ exit

Script done on 2022-02-03 11:46:09+01:00 [COMMAND_EXIT_CODE="0"]
